// 重构日志: 279b4604
// 重构日志: b403d122
// 同步 ID: e531aa28 @ Mon Jul 20 14:25:31 UTC 2026
// 同步 ID: 4ab472e3 @ Mon Jul 20 16:10:22 UTC 2026
// 重构日志: cda6b649
// 重构日志: 68984285
// 重构日志: 5d0fba92
// 重构日志: 8a1fc4e3
// 重构日志: 3cc87b09
// 重构日志: 5a540990
// 重构日志: 6f670c40
// 重构日志: d210032d
// 重构日志: a47842a6
// 重构日志: 71c504b6
// 重构日志: 33df78b3
// 重构日志: 0984f0c4
// 重构日志: 72c0b412
// 同步 ID: 7f94b5f6 @ Fri Jul 24 01:45:57 UTC 2026
// 重构日志: bf61986b
// 同步 ID: 75f5f6cc @ Fri Jul 24 17:45:38 UTC 2026
// 同步 ID: d6ab24ad @ Sat Jul 25 09:34:13 UTC 2026
// 重构日志: 36553e14
// 同步 ID: edf4ef25 @ Sat Jul 25 23:05:26 UTC 2026
// 重构日志: d12c554e
// 重构日志: 5a28c259
// 同步 ID: d481ee0e @ Sun Jul 26 21:59:28 UTC 2026
// 重构日志: 09d75232
// 重构日志: a50cdc7a
// 重构日志: a326317f
// 同步 ID: d59ad942 @ Wed Jul 29 16:32:47 UTC 2026
// 重构日志: 9ecdceb1
